// Jest Snapshot v1, https://goo.gl/fbAQLP

exports[`<AppContainer /> renders correctly 1`] = `
<div
  className="iportfolio-app"
>
  <div
    className="iportfolio-app-device device device-iphone-x device-black"
  >
    <div
      className="device-frame"
    >
      <div
        className="device-content"
      >
        <div
          className="device-header-container"
        >
          <div
            className="device-header-bars"
          >
            <div
              className="device-header-bars-block device-header-bars-block--time"
            >
              IMAC
            </div>
            <div
              className="device-header-bars-block device-header-bars-block--icons"
            >
              <i
                className="fas icon icon-signal fa-signal"
              />
              <i
                className="fas icon icon-wifi fa-wifi"
              />
              <i
                className="fas icon icon-battery-full fa-battery-full"
              />
            </div>
          </div>
        </div>
        <div
          className="iportfolio-lockscreen"
          onTransitionEnd={[Function]}
        >
          <header
            className="iportfolio-lockscreen-header"
          >
            <i
              className="fas icon icon-lock fa-lock fa-2x"
            />
            <h1
              className="ui-clock"
            >
              11:11
            </h1>
            <h1
              className="ui-date"
            >
              Tuesday, October 1
            </h1>
          </header>
          <label
            className="ui-toggle-switch"
          >
            <input
              checked={false}
              className="ui-toggle-switch-checkbox"
              onChange={[Function]}
              type="checkbox"
            />
            <button
              className="ui-btn ui-toggle-switch-slider"
              onTransitionEnd={[Function]}
              type="button"
            />
            <span
              className="ui-toggle-switch-label"
            >
              slide to unlock
            </span>
          </label>
        </div>
      </div>
    </div>
    <div
      className="device-stripe"
    />
    <div
      className="device-header"
    />
    <div
      className="device-sensors"
    />
    <div
      className="device-btns"
    />
    <div
      className="device-power"
    />
  </div>
</div>
`;
