// Jest Snapshot v1, https://goo.gl/fbAQLP

exports[`<Setting /> renders correctly 1`] = `
<DocumentFragment>
  <div
    class="setting"
  >
    <nav
      class="setting-nav"
    >
      <mock-link
        back="true"
        to="/settings"
      />
    </nav>
    <div
      class="setting-view-container"
    >
      <div
        class="setting-view"
      >
        <h2
          class="ui-text ui-text--body setting-label"
        >
          Camera Settings
        </h2>
        <h3
          class="ui-text ui-text--display"
        >
          Permissions
        </h3>
        <span
          class="ui-text ui-text--body setting-item"
        >
          Media Devices
        </span>
      </div>
    </div>
  </div>
</DocumentFragment>
`;
