// Jest Snapshot v1, https://goo.gl/fbAQLP

exports[`<Reminders /> renders correctly 1`] = `
<div
  className="reminders-app"
>
  <h1
    className="ui-text ui-text--display"
  >
    Reminders
  </h1>
  <p
    className="ui-text ui-text--body"
  >
    No Reminders
  </p>
  <button
    className="ui-btn ui-btn--with-icon"
    onClick={[Function]}
    type="button"
  >
    <i
      className="ui-icon ui-icon-plus-circle fas fa-plus-circle"
    />
    <span
      className="ui-text ui-text--body ui-btn-label"
    >
      New Reminder
    </span>
  </button>
</div>
`;
