// Jest Snapshot v1, https://goo.gl/fbAQLP

exports[`<Lockscreen /> renders correctly 1`] = `
<DocumentFragment>
  <div
    class="iportfolio-lockscreen"
  >
    <header
      class="iportfolio-lockscreen-header"
    >
      <i
        class="ui-icon ui-icon-lock fas fa-lock fa-2x"
      />
      <h1
        class="ui-text ui-text--body ui-clock"
      >
        11:11
      </h1>
      <h1
        class="ui-text ui-text--body ui-date"
      >
        Tuesday, October 1
      </h1>
    </header>
    <label
      class="ui-toggle-switch"
    >
      <input
        class="ui-toggle-switch-checkbox"
        type="checkbox"
      />
      <button
        class="ui-btn ui-toggle-switch-slider"
        type="button"
      />
      <span
        class="ui-text ui-text--body ui-toggle-switch-label"
      >
        slide to unlock
      </span>
    </label>
  </div>
</DocumentFragment>
`;
