// Jest Snapshot v1, https://goo.gl/fbAQLP

exports[`<Calendar /> renders correctly 1`] = `
<div
  className="calendar-app"
>
  <div
    className="calendar-app-top-bar"
  >
    <button
      className="ui-btn ui-btn--with-icon"
      id="goto-2020"
      type="button"
    >
      <i
        className="ui-icon ui-icon-chevron-left fas fa-chevron-left"
      />
      <span
        className="ui-text ui-text--body ui-btn-label"
      >
        2020
      </span>
    </button>
    <ul
      className="calendar-app-weekdays"
    >
      <li>
        <abbr
          className="ui-weekday"
          title="Sunday"
        >
          S
        </abbr>
      </li>
      <li>
        <abbr
          className="ui-weekday"
          title="Monday"
        >
          M
        </abbr>
      </li>
      <li>
        <abbr
          className="ui-weekday"
          title="Tuesday"
        >
          T
        </abbr>
      </li>
      <li>
        <abbr
          className="ui-weekday"
          title="Wednesday"
        >
          W
        </abbr>
      </li>
      <li>
        <abbr
          className="ui-weekday"
          title="Thursday"
        >
          T
        </abbr>
      </li>
      <li>
        <abbr
          className="ui-weekday"
          title="Friday"
        >
          F
        </abbr>
      </li>
      <li>
        <abbr
          className="ui-weekday"
          title="Saturday"
        >
          S
        </abbr>
      </li>
    </ul>
  </div>
  <ul
    className="ui-years-list"
  >
    <li>
      <Year
        isYearView={false}
        monthRef={
          Object {
            "current": null,
          }
        }
        months={
          Array [
            Array [
              Object {
                "day": 1,
                "isToday": true,
                "month": "October",
                "monthAbbr": "Oct",
                "offset": 2,
                "weekday": "Tuesday",
                "year": 2017,
              },
            ],
            Array [
              Object {
                "day": 1,
                "isToday": true,
                "month": "October",
                "monthAbbr": "Oct",
                "offset": 2,
                "weekday": "Tuesday",
                "year": 2017,
              },
            ],
            Array [
              Object {
                "day": 1,
                "isToday": true,
                "month": "October",
                "monthAbbr": "Oct",
                "offset": 2,
                "weekday": "Tuesday",
                "year": 2017,
              },
            ],
            Array [
              Object {
                "day": 1,
                "isToday": true,
                "month": "October",
                "monthAbbr": "Oct",
                "offset": 2,
                "weekday": "Tuesday",
                "year": 2017,
              },
            ],
            Array [
              Object {
                "day": 1,
                "isToday": true,
                "month": "October",
                "monthAbbr": "Oct",
                "offset": 2,
                "weekday": "Tuesday",
                "year": 2017,
              },
            ],
            Array [
              Object {
                "day": 1,
                "isToday": true,
                "month": "October",
                "monthAbbr": "Oct",
                "offset": 2,
                "weekday": "Tuesday",
                "year": 2017,
              },
            ],
            Array [
              Object {
                "day": 1,
                "isToday": true,
                "month": "October",
                "monthAbbr": "Oct",
                "offset": 2,
                "weekday": "Tuesday",
                "year": 2017,
              },
            ],
            Array [
              Object {
                "day": 1,
                "isToday": true,
                "month": "October",
                "monthAbbr": "Oct",
                "offset": 2,
                "weekday": "Tuesday",
                "year": 2017,
              },
            ],
            Array [
              Object {
                "day": 1,
                "isToday": true,
                "month": "October",
                "monthAbbr": "Oct",
                "offset": 2,
                "weekday": "Tuesday",
                "year": 2017,
              },
            ],
            Array [
              Object {
                "day": 1,
                "isToday": true,
                "month": "October",
                "monthAbbr": "Oct",
                "offset": 2,
                "weekday": "Tuesday",
                "year": 2017,
              },
            ],
            Array [
              Object {
                "day": 1,
                "isToday": true,
                "month": "October",
                "monthAbbr": "Oct",
                "offset": 2,
                "weekday": "Tuesday",
                "year": 2017,
              },
            ],
            Array [
              Object {
                "day": 1,
                "isToday": true,
                "month": "October",
                "monthAbbr": "Oct",
                "offset": 2,
                "weekday": "Tuesday",
                "year": 2017,
              },
            ],
          ]
        }
      />
    </li>
    <li>
      <Year
        isYearView={false}
        monthRef={
          Object {
            "current": null,
          }
        }
        months={
          Array [
            Array [
              Object {
                "day": 1,
                "isToday": true,
                "month": "October",
                "monthAbbr": "Oct",
                "offset": 2,
                "weekday": "Tuesday",
                "year": 2018,
              },
            ],
            Array [
              Object {
                "day": 1,
                "isToday": true,
                "month": "October",
                "monthAbbr": "Oct",
                "offset": 2,
                "weekday": "Tuesday",
                "year": 2018,
              },
            ],
            Array [
              Object {
                "day": 1,
                "isToday": true,
                "month": "October",
                "monthAbbr": "Oct",
                "offset": 2,
                "weekday": "Tuesday",
                "year": 2018,
              },
            ],
            Array [
              Object {
                "day": 1,
                "isToday": true,
                "month": "October",
                "monthAbbr": "Oct",
                "offset": 2,
                "weekday": "Tuesday",
                "year": 2018,
              },
            ],
            Array [
              Object {
                "day": 1,
                "isToday": true,
                "month": "October",
                "monthAbbr": "Oct",
                "offset": 2,
                "weekday": "Tuesday",
                "year": 2018,
              },
            ],
            Array [
              Object {
                "day": 1,
                "isToday": true,
                "month": "October",
                "monthAbbr": "Oct",
                "offset": 2,
                "weekday": "Tuesday",
                "year": 2018,
              },
            ],
            Array [
              Object {
                "day": 1,
                "isToday": true,
                "month": "October",
                "monthAbbr": "Oct",
                "offset": 2,
                "weekday": "Tuesday",
                "year": 2018,
              },
            ],
            Array [
              Object {
                "day": 1,
                "isToday": true,
                "month": "October",
                "monthAbbr": "Oct",
                "offset": 2,
                "weekday": "Tuesday",
                "year": 2018,
              },
            ],
            Array [
              Object {
                "day": 1,
                "isToday": true,
                "month": "October",
                "monthAbbr": "Oct",
                "offset": 2,
                "weekday": "Tuesday",
                "year": 2018,
              },
            ],
            Array [
              Object {
                "day": 1,
                "isToday": true,
                "month": "October",
                "monthAbbr": "Oct",
                "offset": 2,
                "weekday": "Tuesday",
                "year": 2018,
              },
            ],
            Array [
              Object {
                "day": 1,
                "isToday": true,
                "month": "October",
                "monthAbbr": "Oct",
                "offset": 2,
                "weekday": "Tuesday",
                "year": 2018,
              },
            ],
            Array [
              Object {
                "day": 1,
                "isToday": true,
                "month": "October",
                "monthAbbr": "Oct",
                "offset": 2,
                "weekday": "Tuesday",
                "year": 2018,
              },
            ],
          ]
        }
      />
    </li>
    <li>
      <Year
        isYearView={false}
        monthRef={
          Object {
            "current": null,
          }
        }
        months={
          Array [
            Array [
              Object {
                "day": 1,
                "isToday": true,
                "month": "October",
                "monthAbbr": "Oct",
                "offset": 2,
                "weekday": "Tuesday",
                "year": 2019,
              },
            ],
            Array [
              Object {
                "day": 1,
                "isToday": true,
                "month": "October",
                "monthAbbr": "Oct",
                "offset": 2,
                "weekday": "Tuesday",
                "year": 2019,
              },
            ],
            Array [
              Object {
                "day": 1,
                "isToday": true,
                "month": "October",
                "monthAbbr": "Oct",
                "offset": 2,
                "weekday": "Tuesday",
                "year": 2019,
              },
            ],
            Array [
              Object {
                "day": 1,
                "isToday": true,
                "month": "October",
                "monthAbbr": "Oct",
                "offset": 2,
                "weekday": "Tuesday",
                "year": 2019,
              },
            ],
            Array [
              Object {
                "day": 1,
                "isToday": true,
                "month": "October",
                "monthAbbr": "Oct",
                "offset": 2,
                "weekday": "Tuesday",
                "year": 2019,
              },
            ],
            Array [
              Object {
                "day": 1,
                "isToday": true,
                "month": "October",
                "monthAbbr": "Oct",
                "offset": 2,
                "weekday": "Tuesday",
                "year": 2019,
              },
            ],
            Array [
              Object {
                "day": 1,
                "isToday": true,
                "month": "October",
                "monthAbbr": "Oct",
                "offset": 2,
                "weekday": "Tuesday",
                "year": 2019,
              },
            ],
            Array [
              Object {
                "day": 1,
                "isToday": true,
                "month": "October",
                "monthAbbr": "Oct",
                "offset": 2,
                "weekday": "Tuesday",
                "year": 2019,
              },
            ],
            Array [
              Object {
                "day": 1,
                "isToday": true,
                "month": "October",
                "monthAbbr": "Oct",
                "offset": 2,
                "weekday": "Tuesday",
                "year": 2019,
              },
            ],
            Array [
              Object {
                "day": 1,
                "isToday": true,
                "month": "October",
                "monthAbbr": "Oct",
                "offset": 2,
                "weekday": "Tuesday",
                "year": 2019,
              },
            ],
            Array [
              Object {
                "day": 1,
                "isToday": true,
                "month": "October",
                "monthAbbr": "Oct",
                "offset": 2,
                "weekday": "Tuesday",
                "year": 2019,
              },
            ],
            Array [
              Object {
                "day": 1,
                "isToday": true,
                "month": "October",
                "monthAbbr": "Oct",
                "offset": 2,
                "weekday": "Tuesday",
                "year": 2019,
              },
            ],
          ]
        }
      />
    </li>
    <li>
      <Year
        isYearView={false}
        monthRef={
          Object {
            "current": null,
          }
        }
        months={
          Array [
            Array [
              Object {
                "day": 1,
                "isToday": true,
                "month": "October",
                "monthAbbr": "Oct",
                "offset": 2,
                "weekday": "Tuesday",
                "year": 2020,
              },
            ],
            Array [
              Object {
                "day": 1,
                "isToday": true,
                "month": "October",
                "monthAbbr": "Oct",
                "offset": 2,
                "weekday": "Tuesday",
                "year": 2020,
              },
            ],
            Array [
              Object {
                "day": 1,
                "isToday": true,
                "month": "October",
                "monthAbbr": "Oct",
                "offset": 2,
                "weekday": "Tuesday",
                "year": 2020,
              },
            ],
            Array [
              Object {
                "day": 1,
                "isToday": true,
                "month": "October",
                "monthAbbr": "Oct",
                "offset": 2,
                "weekday": "Tuesday",
                "year": 2020,
              },
            ],
            Array [
              Object {
                "day": 1,
                "isToday": true,
                "month": "October",
                "monthAbbr": "Oct",
                "offset": 2,
                "weekday": "Tuesday",
                "year": 2020,
              },
            ],
            Array [
              Object {
                "day": 1,
                "isToday": true,
                "month": "October",
                "monthAbbr": "Oct",
                "offset": 2,
                "weekday": "Tuesday",
                "year": 2020,
              },
            ],
            Array [
              Object {
                "day": 1,
                "isToday": true,
                "month": "October",
                "monthAbbr": "Oct",
                "offset": 2,
                "weekday": "Tuesday",
                "year": 2020,
              },
            ],
            Array [
              Object {
                "day": 1,
                "isToday": true,
                "month": "October",
                "monthAbbr": "Oct",
                "offset": 2,
                "weekday": "Tuesday",
                "year": 2020,
              },
            ],
            Array [
              Object {
                "day": 1,
                "isToday": true,
                "month": "October",
                "monthAbbr": "Oct",
                "offset": 2,
                "weekday": "Tuesday",
                "year": 2020,
              },
            ],
            Array [
              Object {
                "day": 1,
                "isToday": true,
                "month": "October",
                "monthAbbr": "Oct",
                "offset": 2,
                "weekday": "Tuesday",
                "year": 2020,
              },
            ],
            Array [
              Object {
                "day": 1,
                "isToday": true,
                "month": "October",
                "monthAbbr": "Oct",
                "offset": 2,
                "weekday": "Tuesday",
                "year": 2020,
              },
            ],
            Array [
              Object {
                "day": 1,
                "isToday": true,
                "month": "October",
                "monthAbbr": "Oct",
                "offset": 2,
                "weekday": "Tuesday",
                "year": 2020,
              },
            ],
          ]
        }
      />
    </li>
    <li>
      <Year
        isYearView={false}
        monthRef={
          Object {
            "current": null,
          }
        }
        months={
          Array [
            Array [
              Object {
                "day": 1,
                "isToday": true,
                "month": "October",
                "monthAbbr": "Oct",
                "offset": 2,
                "weekday": "Tuesday",
                "year": 2021,
              },
            ],
            Array [
              Object {
                "day": 1,
                "isToday": true,
                "month": "October",
                "monthAbbr": "Oct",
                "offset": 2,
                "weekday": "Tuesday",
                "year": 2021,
              },
            ],
            Array [
              Object {
                "day": 1,
                "isToday": true,
                "month": "October",
                "monthAbbr": "Oct",
                "offset": 2,
                "weekday": "Tuesday",
                "year": 2021,
              },
            ],
            Array [
              Object {
                "day": 1,
                "isToday": true,
                "month": "October",
                "monthAbbr": "Oct",
                "offset": 2,
                "weekday": "Tuesday",
                "year": 2021,
              },
            ],
            Array [
              Object {
                "day": 1,
                "isToday": true,
                "month": "October",
                "monthAbbr": "Oct",
                "offset": 2,
                "weekday": "Tuesday",
                "year": 2021,
              },
            ],
            Array [
              Object {
                "day": 1,
                "isToday": true,
                "month": "October",
                "monthAbbr": "Oct",
                "offset": 2,
                "weekday": "Tuesday",
                "year": 2021,
              },
            ],
            Array [
              Object {
                "day": 1,
                "isToday": true,
                "month": "October",
                "monthAbbr": "Oct",
                "offset": 2,
                "weekday": "Tuesday",
                "year": 2021,
              },
            ],
            Array [
              Object {
                "day": 1,
                "isToday": true,
                "month": "October",
                "monthAbbr": "Oct",
                "offset": 2,
                "weekday": "Tuesday",
                "year": 2021,
              },
            ],
            Array [
              Object {
                "day": 1,
                "isToday": true,
                "month": "October",
                "monthAbbr": "Oct",
                "offset": 2,
                "weekday": "Tuesday",
                "year": 2021,
              },
            ],
            Array [
              Object {
                "day": 1,
                "isToday": true,
                "month": "October",
                "monthAbbr": "Oct",
                "offset": 2,
                "weekday": "Tuesday",
                "year": 2021,
              },
            ],
            Array [
              Object {
                "day": 1,
                "isToday": true,
                "month": "October",
                "monthAbbr": "Oct",
                "offset": 2,
                "weekday": "Tuesday",
                "year": 2021,
              },
            ],
            Array [
              Object {
                "day": 1,
                "isToday": true,
                "month": "October",
                "monthAbbr": "Oct",
                "offset": 2,
                "weekday": "Tuesday",
                "year": 2021,
              },
            ],
          ]
        }
      />
    </li>
  </ul>
  <div
    className="calendar-app-bottom-bar"
  >
    <button
      className="ui-btn"
      onClick={[Function]}
      type="button"
    >
      Today
    </button>
  </div>
</div>
`;

exports[`<Calendar /> renders correctly with year view 1`] = `
<div
  className="calendar-app calendar-app--year-view"
>
  <ul
    className="ui-years-list"
  >
    <li>
      <Year
        isYearView={true}
        monthRef={
          Object {
            "current": Object {},
          }
        }
        months={
          Array [
            Array [
              Object {
                "day": 1,
                "isToday": true,
                "month": "October",
                "monthAbbr": "Oct",
                "offset": 2,
                "weekday": "Tuesday",
                "year": 2017,
              },
            ],
            Array [
              Object {
                "day": 1,
                "isToday": true,
                "month": "October",
                "monthAbbr": "Oct",
                "offset": 2,
                "weekday": "Tuesday",
                "year": 2017,
              },
            ],
            Array [
              Object {
                "day": 1,
                "isToday": true,
                "month": "October",
                "monthAbbr": "Oct",
                "offset": 2,
                "weekday": "Tuesday",
                "year": 2017,
              },
            ],
            Array [
              Object {
                "day": 1,
                "isToday": true,
                "month": "October",
                "monthAbbr": "Oct",
                "offset": 2,
                "weekday": "Tuesday",
                "year": 2017,
              },
            ],
            Array [
              Object {
                "day": 1,
                "isToday": true,
                "month": "October",
                "monthAbbr": "Oct",
                "offset": 2,
                "weekday": "Tuesday",
                "year": 2017,
              },
            ],
            Array [
              Object {
                "day": 1,
                "isToday": true,
                "month": "October",
                "monthAbbr": "Oct",
                "offset": 2,
                "weekday": "Tuesday",
                "year": 2017,
              },
            ],
            Array [
              Object {
                "day": 1,
                "isToday": true,
                "month": "October",
                "monthAbbr": "Oct",
                "offset": 2,
                "weekday": "Tuesday",
                "year": 2017,
              },
            ],
            Array [
              Object {
                "day": 1,
                "isToday": true,
                "month": "October",
                "monthAbbr": "Oct",
                "offset": 2,
                "weekday": "Tuesday",
                "year": 2017,
              },
            ],
            Array [
              Object {
                "day": 1,
                "isToday": true,
                "month": "October",
                "monthAbbr": "Oct",
                "offset": 2,
                "weekday": "Tuesday",
                "year": 2017,
              },
            ],
            Array [
              Object {
                "day": 1,
                "isToday": true,
                "month": "October",
                "monthAbbr": "Oct",
                "offset": 2,
                "weekday": "Tuesday",
                "year": 2017,
              },
            ],
            Array [
              Object {
                "day": 1,
                "isToday": true,
                "month": "October",
                "monthAbbr": "Oct",
                "offset": 2,
                "weekday": "Tuesday",
                "year": 2017,
              },
            ],
            Array [
              Object {
                "day": 1,
                "isToday": true,
                "month": "October",
                "monthAbbr": "Oct",
                "offset": 2,
                "weekday": "Tuesday",
                "year": 2017,
              },
            ],
          ]
        }
        onMonthClick={[Function]}
      />
    </li>
    <li>
      <Year
        isYearView={true}
        monthRef={
          Object {
            "current": Object {},
          }
        }
        months={
          Array [
            Array [
              Object {
                "day": 1,
                "isToday": true,
                "month": "October",
                "monthAbbr": "Oct",
                "offset": 2,
                "weekday": "Tuesday",
                "year": 2018,
              },
            ],
            Array [
              Object {
                "day": 1,
                "isToday": true,
                "month": "October",
                "monthAbbr": "Oct",
                "offset": 2,
                "weekday": "Tuesday",
                "year": 2018,
              },
            ],
            Array [
              Object {
                "day": 1,
                "isToday": true,
                "month": "October",
                "monthAbbr": "Oct",
                "offset": 2,
                "weekday": "Tuesday",
                "year": 2018,
              },
            ],
            Array [
              Object {
                "day": 1,
                "isToday": true,
                "month": "October",
                "monthAbbr": "Oct",
                "offset": 2,
                "weekday": "Tuesday",
                "year": 2018,
              },
            ],
            Array [
              Object {
                "day": 1,
                "isToday": true,
                "month": "October",
                "monthAbbr": "Oct",
                "offset": 2,
                "weekday": "Tuesday",
                "year": 2018,
              },
            ],
            Array [
              Object {
                "day": 1,
                "isToday": true,
                "month": "October",
                "monthAbbr": "Oct",
                "offset": 2,
                "weekday": "Tuesday",
                "year": 2018,
              },
            ],
            Array [
              Object {
                "day": 1,
                "isToday": true,
                "month": "October",
                "monthAbbr": "Oct",
                "offset": 2,
                "weekday": "Tuesday",
                "year": 2018,
              },
            ],
            Array [
              Object {
                "day": 1,
                "isToday": true,
                "month": "October",
                "monthAbbr": "Oct",
                "offset": 2,
                "weekday": "Tuesday",
                "year": 2018,
              },
            ],
            Array [
              Object {
                "day": 1,
                "isToday": true,
                "month": "October",
                "monthAbbr": "Oct",
                "offset": 2,
                "weekday": "Tuesday",
                "year": 2018,
              },
            ],
            Array [
              Object {
                "day": 1,
                "isToday": true,
                "month": "October",
                "monthAbbr": "Oct",
                "offset": 2,
                "weekday": "Tuesday",
                "year": 2018,
              },
            ],
            Array [
              Object {
                "day": 1,
                "isToday": true,
                "month": "October",
                "monthAbbr": "Oct",
                "offset": 2,
                "weekday": "Tuesday",
                "year": 2018,
              },
            ],
            Array [
              Object {
                "day": 1,
                "isToday": true,
                "month": "October",
                "monthAbbr": "Oct",
                "offset": 2,
                "weekday": "Tuesday",
                "year": 2018,
              },
            ],
          ]
        }
        onMonthClick={[Function]}
      />
    </li>
    <li>
      <Year
        isYearView={true}
        monthRef={
          Object {
            "current": Object {},
          }
        }
        months={
          Array [
            Array [
              Object {
                "day": 1,
                "isToday": true,
                "month": "October",
                "monthAbbr": "Oct",
                "offset": 2,
                "weekday": "Tuesday",
                "year": 2019,
              },
            ],
            Array [
              Object {
                "day": 1,
                "isToday": true,
                "month": "October",
                "monthAbbr": "Oct",
                "offset": 2,
                "weekday": "Tuesday",
                "year": 2019,
              },
            ],
            Array [
              Object {
                "day": 1,
                "isToday": true,
                "month": "October",
                "monthAbbr": "Oct",
                "offset": 2,
                "weekday": "Tuesday",
                "year": 2019,
              },
            ],
            Array [
              Object {
                "day": 1,
                "isToday": true,
                "month": "October",
                "monthAbbr": "Oct",
                "offset": 2,
                "weekday": "Tuesday",
                "year": 2019,
              },
            ],
            Array [
              Object {
                "day": 1,
                "isToday": true,
                "month": "October",
                "monthAbbr": "Oct",
                "offset": 2,
                "weekday": "Tuesday",
                "year": 2019,
              },
            ],
            Array [
              Object {
                "day": 1,
                "isToday": true,
                "month": "October",
                "monthAbbr": "Oct",
                "offset": 2,
                "weekday": "Tuesday",
                "year": 2019,
              },
            ],
            Array [
              Object {
                "day": 1,
                "isToday": true,
                "month": "October",
                "monthAbbr": "Oct",
                "offset": 2,
                "weekday": "Tuesday",
                "year": 2019,
              },
            ],
            Array [
              Object {
                "day": 1,
                "isToday": true,
                "month": "October",
                "monthAbbr": "Oct",
                "offset": 2,
                "weekday": "Tuesday",
                "year": 2019,
              },
            ],
            Array [
              Object {
                "day": 1,
                "isToday": true,
                "month": "October",
                "monthAbbr": "Oct",
                "offset": 2,
                "weekday": "Tuesday",
                "year": 2019,
              },
            ],
            Array [
              Object {
                "day": 1,
                "isToday": true,
                "month": "October",
                "monthAbbr": "Oct",
                "offset": 2,
                "weekday": "Tuesday",
                "year": 2019,
              },
            ],
            Array [
              Object {
                "day": 1,
                "isToday": true,
                "month": "October",
                "monthAbbr": "Oct",
                "offset": 2,
                "weekday": "Tuesday",
                "year": 2019,
              },
            ],
            Array [
              Object {
                "day": 1,
                "isToday": true,
                "month": "October",
                "monthAbbr": "Oct",
                "offset": 2,
                "weekday": "Tuesday",
                "year": 2019,
              },
            ],
          ]
        }
        onMonthClick={[Function]}
      />
    </li>
    <li>
      <Year
        isYearView={true}
        monthRef={
          Object {
            "current": Object {},
          }
        }
        months={
          Array [
            Array [
              Object {
                "day": 1,
                "isToday": true,
                "month": "October",
                "monthAbbr": "Oct",
                "offset": 2,
                "weekday": "Tuesday",
                "year": 2020,
              },
            ],
            Array [
              Object {
                "day": 1,
                "isToday": true,
                "month": "October",
                "monthAbbr": "Oct",
                "offset": 2,
                "weekday": "Tuesday",
                "year": 2020,
              },
            ],
            Array [
              Object {
                "day": 1,
                "isToday": true,
                "month": "October",
                "monthAbbr": "Oct",
                "offset": 2,
                "weekday": "Tuesday",
                "year": 2020,
              },
            ],
            Array [
              Object {
                "day": 1,
                "isToday": true,
                "month": "October",
                "monthAbbr": "Oct",
                "offset": 2,
                "weekday": "Tuesday",
                "year": 2020,
              },
            ],
            Array [
              Object {
                "day": 1,
                "isToday": true,
                "month": "October",
                "monthAbbr": "Oct",
                "offset": 2,
                "weekday": "Tuesday",
                "year": 2020,
              },
            ],
            Array [
              Object {
                "day": 1,
                "isToday": true,
                "month": "October",
                "monthAbbr": "Oct",
                "offset": 2,
                "weekday": "Tuesday",
                "year": 2020,
              },
            ],
            Array [
              Object {
                "day": 1,
                "isToday": true,
                "month": "October",
                "monthAbbr": "Oct",
                "offset": 2,
                "weekday": "Tuesday",
                "year": 2020,
              },
            ],
            Array [
              Object {
                "day": 1,
                "isToday": true,
                "month": "October",
                "monthAbbr": "Oct",
                "offset": 2,
                "weekday": "Tuesday",
                "year": 2020,
              },
            ],
            Array [
              Object {
                "day": 1,
                "isToday": true,
                "month": "October",
                "monthAbbr": "Oct",
                "offset": 2,
                "weekday": "Tuesday",
                "year": 2020,
              },
            ],
            Array [
              Object {
                "day": 1,
                "isToday": true,
                "month": "October",
                "monthAbbr": "Oct",
                "offset": 2,
                "weekday": "Tuesday",
                "year": 2020,
              },
            ],
            Array [
              Object {
                "day": 1,
                "isToday": true,
                "month": "October",
                "monthAbbr": "Oct",
                "offset": 2,
                "weekday": "Tuesday",
                "year": 2020,
              },
            ],
            Array [
              Object {
                "day": 1,
                "isToday": true,
                "month": "October",
                "monthAbbr": "Oct",
                "offset": 2,
                "weekday": "Tuesday",
                "year": 2020,
              },
            ],
          ]
        }
        onMonthClick={[Function]}
      />
    </li>
    <li>
      <Year
        isYearView={true}
        monthRef={
          Object {
            "current": Object {},
          }
        }
        months={
          Array [
            Array [
              Object {
                "day": 1,
                "isToday": true,
                "month": "October",
                "monthAbbr": "Oct",
                "offset": 2,
                "weekday": "Tuesday",
                "year": 2021,
              },
            ],
            Array [
              Object {
                "day": 1,
                "isToday": true,
                "month": "October",
                "monthAbbr": "Oct",
                "offset": 2,
                "weekday": "Tuesday",
                "year": 2021,
              },
            ],
            Array [
              Object {
                "day": 1,
                "isToday": true,
                "month": "October",
                "monthAbbr": "Oct",
                "offset": 2,
                "weekday": "Tuesday",
                "year": 2021,
              },
            ],
            Array [
              Object {
                "day": 1,
                "isToday": true,
                "month": "October",
                "monthAbbr": "Oct",
                "offset": 2,
                "weekday": "Tuesday",
                "year": 2021,
              },
            ],
            Array [
              Object {
                "day": 1,
                "isToday": true,
                "month": "October",
                "monthAbbr": "Oct",
                "offset": 2,
                "weekday": "Tuesday",
                "year": 2021,
              },
            ],
            Array [
              Object {
                "day": 1,
                "isToday": true,
                "month": "October",
                "monthAbbr": "Oct",
                "offset": 2,
                "weekday": "Tuesday",
                "year": 2021,
              },
            ],
            Array [
              Object {
                "day": 1,
                "isToday": true,
                "month": "October",
                "monthAbbr": "Oct",
                "offset": 2,
                "weekday": "Tuesday",
                "year": 2021,
              },
            ],
            Array [
              Object {
                "day": 1,
                "isToday": true,
                "month": "October",
                "monthAbbr": "Oct",
                "offset": 2,
                "weekday": "Tuesday",
                "year": 2021,
              },
            ],
            Array [
              Object {
                "day": 1,
                "isToday": true,
                "month": "October",
                "monthAbbr": "Oct",
                "offset": 2,
                "weekday": "Tuesday",
                "year": 2021,
              },
            ],
            Array [
              Object {
                "day": 1,
                "isToday": true,
                "month": "October",
                "monthAbbr": "Oct",
                "offset": 2,
                "weekday": "Tuesday",
                "year": 2021,
              },
            ],
            Array [
              Object {
                "day": 1,
                "isToday": true,
                "month": "October",
                "monthAbbr": "Oct",
                "offset": 2,
                "weekday": "Tuesday",
                "year": 2021,
              },
            ],
            Array [
              Object {
                "day": 1,
                "isToday": true,
                "month": "October",
                "monthAbbr": "Oct",
                "offset": 2,
                "weekday": "Tuesday",
                "year": 2021,
              },
            ],
          ]
        }
        onMonthClick={[Function]}
      />
    </li>
  </ul>
  <div
    className="calendar-app-bottom-bar"
  >
    <button
      className="ui-btn"
      onClick={[MockFunction]}
      type="button"
    >
      Today
    </button>
  </div>
</div>
`;
