// Jest Snapshot v1, https://goo.gl/fbAQLP

exports[`<Timer /> handles toggle 1`] = `
<div
  className="timer"
>
  <div
    className="picker-container"
    style={
      Object {
        "height": 216,
      }
    }
  >
    <div
      className="picker-inner"
    >
      <div
        className="picker-column"
      >
        <span
          className="picker-column-label"
        >
          hours
        </span>
        <div
          className="picker-scroller"
          onTouchCancel={[Function]}
          onTouchEnd={[Function]}
          onTouchMove={[Function]}
          onTouchStart={[Function]}
          style={
            Object {
              "transform": "translate3d(0, 90px, 0)",
            }
          }
        >
          <div
            className="picker-item picker-item--selected"
            onClick={[Function]}
          >
            0
          </div>
          <div
            className="picker-item"
            onClick={[Function]}
          >
            1
          </div>
          <div
            className="picker-item"
            onClick={[Function]}
          >
            2
          </div>
          <div
            className="picker-item"
            onClick={[Function]}
          >
            3
          </div>
          <div
            className="picker-item"
            onClick={[Function]}
          >
            4
          </div>
          <div
            className="picker-item"
            onClick={[Function]}
          >
            5
          </div>
          <div
            className="picker-item"
            onClick={[Function]}
          >
            6
          </div>
          <div
            className="picker-item"
            onClick={[Function]}
          >
            7
          </div>
          <div
            className="picker-item"
            onClick={[Function]}
          >
            8
          </div>
          <div
            className="picker-item"
            onClick={[Function]}
          >
            9
          </div>
          <div
            className="picker-item"
            onClick={[Function]}
          >
            10
          </div>
          <div
            className="picker-item"
            onClick={[Function]}
          >
            11
          </div>
          <div
            className="picker-item"
            onClick={[Function]}
          >
            12
          </div>
          <div
            className="picker-item"
            onClick={[Function]}
          >
            13
          </div>
          <div
            className="picker-item"
            onClick={[Function]}
          >
            14
          </div>
          <div
            className="picker-item"
            onClick={[Function]}
          >
            15
          </div>
          <div
            className="picker-item"
            onClick={[Function]}
          >
            16
          </div>
          <div
            className="picker-item"
            onClick={[Function]}
          >
            17
          </div>
          <div
            className="picker-item"
            onClick={[Function]}
          >
            18
          </div>
          <div
            className="picker-item"
            onClick={[Function]}
          >
            19
          </div>
          <div
            className="picker-item"
            onClick={[Function]}
          >
            20
          </div>
          <div
            className="picker-item"
            onClick={[Function]}
          >
            21
          </div>
          <div
            className="picker-item"
            onClick={[Function]}
          >
            22
          </div>
          <div
            className="picker-item"
            onClick={[Function]}
          >
            23
          </div>
        </div>
      </div>
      <div
        className="picker-column"
      >
        <span
          className="picker-column-label"
        >
          min
        </span>
        <div
          className="picker-scroller"
          onTouchCancel={[Function]}
          onTouchEnd={[Function]}
          onTouchMove={[Function]}
          onTouchStart={[Function]}
          style={
            Object {
              "transform": "translate3d(0, -90px, 0)",
            }
          }
        >
          <div
            className="picker-item"
            onClick={[Function]}
          >
            0
          </div>
          <div
            className="picker-item"
            onClick={[Function]}
          >
            1
          </div>
          <div
            className="picker-item"
            onClick={[Function]}
          >
            2
          </div>
          <div
            className="picker-item"
            onClick={[Function]}
          >
            3
          </div>
          <div
            className="picker-item"
            onClick={[Function]}
          >
            4
          </div>
          <div
            className="picker-item picker-item--selected"
            onClick={[Function]}
          >
            5
          </div>
          <div
            className="picker-item"
            onClick={[Function]}
          >
            6
          </div>
          <div
            className="picker-item"
            onClick={[Function]}
          >
            7
          </div>
          <div
            className="picker-item"
            onClick={[Function]}
          >
            8
          </div>
          <div
            className="picker-item"
            onClick={[Function]}
          >
            9
          </div>
          <div
            className="picker-item"
            onClick={[Function]}
          >
            10
          </div>
          <div
            className="picker-item"
            onClick={[Function]}
          >
            11
          </div>
          <div
            className="picker-item"
            onClick={[Function]}
          >
            12
          </div>
          <div
            className="picker-item"
            onClick={[Function]}
          >
            13
          </div>
          <div
            className="picker-item"
            onClick={[Function]}
          >
            14
          </div>
          <div
            className="picker-item"
            onClick={[Function]}
          >
            15
          </div>
          <div
            className="picker-item"
            onClick={[Function]}
          >
            16
          </div>
          <div
            className="picker-item"
            onClick={[Function]}
          >
            17
          </div>
          <div
            className="picker-item"
            onClick={[Function]}
          >
            18
          </div>
          <div
            className="picker-item"
            onClick={[Function]}
          >
            19
          </div>
          <div
            className="picker-item"
            onClick={[Function]}
          >
            20
          </div>
          <div
            className="picker-item"
            onClick={[Function]}
          >
            21
          </div>
          <div
            className="picker-item"
            onClick={[Function]}
          >
            22
          </div>
          <div
            className="picker-item"
            onClick={[Function]}
          >
            23
          </div>
          <div
            className="picker-item"
            onClick={[Function]}
          >
            24
          </div>
          <div
            className="picker-item"
            onClick={[Function]}
          >
            25
          </div>
          <div
            className="picker-item"
            onClick={[Function]}
          >
            26
          </div>
          <div
            className="picker-item"
            onClick={[Function]}
          >
            27
          </div>
          <div
            className="picker-item"
            onClick={[Function]}
          >
            28
          </div>
          <div
            className="picker-item"
            onClick={[Function]}
          >
            29
          </div>
          <div
            className="picker-item"
            onClick={[Function]}
          >
            30
          </div>
          <div
            className="picker-item"
            onClick={[Function]}
          >
            31
          </div>
          <div
            className="picker-item"
            onClick={[Function]}
          >
            32
          </div>
          <div
            className="picker-item"
            onClick={[Function]}
          >
            33
          </div>
          <div
            className="picker-item"
            onClick={[Function]}
          >
            34
          </div>
          <div
            className="picker-item"
            onClick={[Function]}
          >
            35
          </div>
          <div
            className="picker-item"
            onClick={[Function]}
          >
            36
          </div>
          <div
            className="picker-item"
            onClick={[Function]}
          >
            37
          </div>
          <div
            className="picker-item"
            onClick={[Function]}
          >
            38
          </div>
          <div
            className="picker-item"
            onClick={[Function]}
          >
            39
          </div>
          <div
            className="picker-item"
            onClick={[Function]}
          >
            40
          </div>
          <div
            className="picker-item"
            onClick={[Function]}
          >
            41
          </div>
          <div
            className="picker-item"
            onClick={[Function]}
          >
            42
          </div>
          <div
            className="picker-item"
            onClick={[Function]}
          >
            43
          </div>
          <div
            className="picker-item"
            onClick={[Function]}
          >
            44
          </div>
          <div
            className="picker-item"
            onClick={[Function]}
          >
            45
          </div>
          <div
            className="picker-item"
            onClick={[Function]}
          >
            46
          </div>
          <div
            className="picker-item"
            onClick={[Function]}
          >
            47
          </div>
          <div
            className="picker-item"
            onClick={[Function]}
          >
            48
          </div>
          <div
            className="picker-item"
            onClick={[Function]}
          >
            49
          </div>
          <div
            className="picker-item"
            onClick={[Function]}
          >
            50
          </div>
          <div
            className="picker-item"
            onClick={[Function]}
          >
            51
          </div>
          <div
            className="picker-item"
            onClick={[Function]}
          >
            52
          </div>
          <div
            className="picker-item"
            onClick={[Function]}
          >
            53
          </div>
          <div
            className="picker-item"
            onClick={[Function]}
          >
            54
          </div>
          <div
            className="picker-item"
            onClick={[Function]}
          >
            55
          </div>
          <div
            className="picker-item"
            onClick={[Function]}
          >
            56
          </div>
          <div
            className="picker-item"
            onClick={[Function]}
          >
            57
          </div>
          <div
            className="picker-item"
            onClick={[Function]}
          >
            58
          </div>
          <div
            className="picker-item"
            onClick={[Function]}
          >
            59
          </div>
        </div>
      </div>
      <div
        className="picker-column"
      >
        <span
          className="picker-column-label"
        >
          sec
        </span>
        <div
          className="picker-scroller"
          onTouchCancel={[Function]}
          onTouchEnd={[Function]}
          onTouchMove={[Function]}
          onTouchStart={[Function]}
          style={
            Object {
              "transform": "translate3d(0, -990px, 0)",
            }
          }
        >
          <div
            className="picker-item"
            onClick={[Function]}
          >
            0
          </div>
          <div
            className="picker-item"
            onClick={[Function]}
          >
            1
          </div>
          <div
            className="picker-item"
            onClick={[Function]}
          >
            2
          </div>
          <div
            className="picker-item"
            onClick={[Function]}
          >
            3
          </div>
          <div
            className="picker-item"
            onClick={[Function]}
          >
            4
          </div>
          <div
            className="picker-item"
            onClick={[Function]}
          >
            5
          </div>
          <div
            className="picker-item"
            onClick={[Function]}
          >
            6
          </div>
          <div
            className="picker-item"
            onClick={[Function]}
          >
            7
          </div>
          <div
            className="picker-item"
            onClick={[Function]}
          >
            8
          </div>
          <div
            className="picker-item"
            onClick={[Function]}
          >
            9
          </div>
          <div
            className="picker-item"
            onClick={[Function]}
          >
            10
          </div>
          <div
            className="picker-item"
            onClick={[Function]}
          >
            11
          </div>
          <div
            className="picker-item"
            onClick={[Function]}
          >
            12
          </div>
          <div
            className="picker-item"
            onClick={[Function]}
          >
            13
          </div>
          <div
            className="picker-item"
            onClick={[Function]}
          >
            14
          </div>
          <div
            className="picker-item"
            onClick={[Function]}
          >
            15
          </div>
          <div
            className="picker-item"
            onClick={[Function]}
          >
            16
          </div>
          <div
            className="picker-item"
            onClick={[Function]}
          >
            17
          </div>
          <div
            className="picker-item"
            onClick={[Function]}
          >
            18
          </div>
          <div
            className="picker-item"
            onClick={[Function]}
          >
            19
          </div>
          <div
            className="picker-item"
            onClick={[Function]}
          >
            20
          </div>
          <div
            className="picker-item"
            onClick={[Function]}
          >
            21
          </div>
          <div
            className="picker-item"
            onClick={[Function]}
          >
            22
          </div>
          <div
            className="picker-item"
            onClick={[Function]}
          >
            23
          </div>
          <div
            className="picker-item"
            onClick={[Function]}
          >
            24
          </div>
          <div
            className="picker-item"
            onClick={[Function]}
          >
            25
          </div>
          <div
            className="picker-item"
            onClick={[Function]}
          >
            26
          </div>
          <div
            className="picker-item"
            onClick={[Function]}
          >
            27
          </div>
          <div
            className="picker-item"
            onClick={[Function]}
          >
            28
          </div>
          <div
            className="picker-item"
            onClick={[Function]}
          >
            29
          </div>
          <div
            className="picker-item picker-item--selected"
            onClick={[Function]}
          >
            30
          </div>
          <div
            className="picker-item"
            onClick={[Function]}
          >
            31
          </div>
          <div
            className="picker-item"
            onClick={[Function]}
          >
            32
          </div>
          <div
            className="picker-item"
            onClick={[Function]}
          >
            33
          </div>
          <div
            className="picker-item"
            onClick={[Function]}
          >
            34
          </div>
          <div
            className="picker-item"
            onClick={[Function]}
          >
            35
          </div>
          <div
            className="picker-item"
            onClick={[Function]}
          >
            36
          </div>
          <div
            className="picker-item"
            onClick={[Function]}
          >
            37
          </div>
          <div
            className="picker-item"
            onClick={[Function]}
          >
            38
          </div>
          <div
            className="picker-item"
            onClick={[Function]}
          >
            39
          </div>
          <div
            className="picker-item"
            onClick={[Function]}
          >
            40
          </div>
          <div
            className="picker-item"
            onClick={[Function]}
          >
            41
          </div>
          <div
            className="picker-item"
            onClick={[Function]}
          >
            42
          </div>
          <div
            className="picker-item"
            onClick={[Function]}
          >
            43
          </div>
          <div
            className="picker-item"
            onClick={[Function]}
          >
            44
          </div>
          <div
            className="picker-item"
            onClick={[Function]}
          >
            45
          </div>
          <div
            className="picker-item"
            onClick={[Function]}
          >
            46
          </div>
          <div
            className="picker-item"
            onClick={[Function]}
          >
            47
          </div>
          <div
            className="picker-item"
            onClick={[Function]}
          >
            48
          </div>
          <div
            className="picker-item"
            onClick={[Function]}
          >
            49
          </div>
          <div
            className="picker-item"
            onClick={[Function]}
          >
            50
          </div>
          <div
            className="picker-item"
            onClick={[Function]}
          >
            51
          </div>
          <div
            className="picker-item"
            onClick={[Function]}
          >
            52
          </div>
          <div
            className="picker-item"
            onClick={[Function]}
          >
            53
          </div>
          <div
            className="picker-item"
            onClick={[Function]}
          >
            54
          </div>
          <div
            className="picker-item"
            onClick={[Function]}
          >
            55
          </div>
          <div
            className="picker-item"
            onClick={[Function]}
          >
            56
          </div>
          <div
            className="picker-item"
            onClick={[Function]}
          >
            57
          </div>
          <div
            className="picker-item"
            onClick={[Function]}
          >
            58
          </div>
          <div
            className="picker-item"
            onClick={[Function]}
          >
            59
          </div>
        </div>
      </div>
      <div
        className="picker-highlight"
        style={
          Object {
            "height": 36,
            "marginTop": -18,
          }
        }
      />
    </div>
  </div>
  <div
    className="timer-controls"
  >
    <div
      className="timer-control timer-control--disabled"
    >
      <button
        className="ui-btn ui-btn--rounded"
        disabled={true}
        onClick={[Function]}
        type="button"
      >
        Cancel
      </button>
    </div>
    <div
      className="timer-control timer-control--start"
    >
      <button
        className="ui-btn ui-btn--rounded"
        onClick={[Function]}
        type="button"
      >
        Start
      </button>
    </div>
  </div>
</div>
`;

exports[`<Timer /> renders correctly 1`] = `
<div
  className="timer"
>
  <div
    className="timer-controls"
  >
    <div
      className="timer-control timer-control--disabled"
    >
      <button
        className="ui-btn ui-btn--rounded"
        disabled={true}
        onClick={[Function]}
        type="button"
      >
        Cancel
      </button>
    </div>
    <div
      className="timer-control timer-control--start"
    >
      <button
        className="ui-btn ui-btn--rounded"
        onClick={[Function]}
        type="button"
      >
        Start
      </button>
    </div>
  </div>
</div>
`;

exports[`<Timer /> renders correctly at countdown path 1`] = `
<div
  className="timer"
>
  <div
    className="picker-container"
    style={
      Object {
        "height": 216,
      }
    }
  >
    <div
      className="picker-inner"
    >
      <div
        className="picker-column"
      >
        <span
          className="picker-column-label"
        >
          hours
        </span>
        <div
          className="picker-scroller"
          onTouchCancel={[Function]}
          onTouchEnd={[Function]}
          onTouchMove={[Function]}
          onTouchStart={[Function]}
          style={
            Object {
              "transform": "translate3d(0, 90px, 0)",
            }
          }
        >
          <div
            className="picker-item picker-item--selected"
            onClick={[Function]}
          >
            0
          </div>
          <div
            className="picker-item"
            onClick={[Function]}
          >
            1
          </div>
          <div
            className="picker-item"
            onClick={[Function]}
          >
            2
          </div>
          <div
            className="picker-item"
            onClick={[Function]}
          >
            3
          </div>
          <div
            className="picker-item"
            onClick={[Function]}
          >
            4
          </div>
          <div
            className="picker-item"
            onClick={[Function]}
          >
            5
          </div>
          <div
            className="picker-item"
            onClick={[Function]}
          >
            6
          </div>
          <div
            className="picker-item"
            onClick={[Function]}
          >
            7
          </div>
          <div
            className="picker-item"
            onClick={[Function]}
          >
            8
          </div>
          <div
            className="picker-item"
            onClick={[Function]}
          >
            9
          </div>
          <div
            className="picker-item"
            onClick={[Function]}
          >
            10
          </div>
          <div
            className="picker-item"
            onClick={[Function]}
          >
            11
          </div>
          <div
            className="picker-item"
            onClick={[Function]}
          >
            12
          </div>
          <div
            className="picker-item"
            onClick={[Function]}
          >
            13
          </div>
          <div
            className="picker-item"
            onClick={[Function]}
          >
            14
          </div>
          <div
            className="picker-item"
            onClick={[Function]}
          >
            15
          </div>
          <div
            className="picker-item"
            onClick={[Function]}
          >
            16
          </div>
          <div
            className="picker-item"
            onClick={[Function]}
          >
            17
          </div>
          <div
            className="picker-item"
            onClick={[Function]}
          >
            18
          </div>
          <div
            className="picker-item"
            onClick={[Function]}
          >
            19
          </div>
          <div
            className="picker-item"
            onClick={[Function]}
          >
            20
          </div>
          <div
            className="picker-item"
            onClick={[Function]}
          >
            21
          </div>
          <div
            className="picker-item"
            onClick={[Function]}
          >
            22
          </div>
          <div
            className="picker-item"
            onClick={[Function]}
          >
            23
          </div>
        </div>
      </div>
      <div
        className="picker-column"
      >
        <span
          className="picker-column-label"
        >
          min
        </span>
        <div
          className="picker-scroller"
          onTouchCancel={[Function]}
          onTouchEnd={[Function]}
          onTouchMove={[Function]}
          onTouchStart={[Function]}
          style={
            Object {
              "transform": "translate3d(0, -90px, 0)",
            }
          }
        >
          <div
            className="picker-item"
            onClick={[Function]}
          >
            0
          </div>
          <div
            className="picker-item"
            onClick={[Function]}
          >
            1
          </div>
          <div
            className="picker-item"
            onClick={[Function]}
          >
            2
          </div>
          <div
            className="picker-item"
            onClick={[Function]}
          >
            3
          </div>
          <div
            className="picker-item"
            onClick={[Function]}
          >
            4
          </div>
          <div
            className="picker-item picker-item--selected"
            onClick={[Function]}
          >
            5
          </div>
          <div
            className="picker-item"
            onClick={[Function]}
          >
            6
          </div>
          <div
            className="picker-item"
            onClick={[Function]}
          >
            7
          </div>
          <div
            className="picker-item"
            onClick={[Function]}
          >
            8
          </div>
          <div
            className="picker-item"
            onClick={[Function]}
          >
            9
          </div>
          <div
            className="picker-item"
            onClick={[Function]}
          >
            10
          </div>
          <div
            className="picker-item"
            onClick={[Function]}
          >
            11
          </div>
          <div
            className="picker-item"
            onClick={[Function]}
          >
            12
          </div>
          <div
            className="picker-item"
            onClick={[Function]}
          >
            13
          </div>
          <div
            className="picker-item"
            onClick={[Function]}
          >
            14
          </div>
          <div
            className="picker-item"
            onClick={[Function]}
          >
            15
          </div>
          <div
            className="picker-item"
            onClick={[Function]}
          >
            16
          </div>
          <div
            className="picker-item"
            onClick={[Function]}
          >
            17
          </div>
          <div
            className="picker-item"
            onClick={[Function]}
          >
            18
          </div>
          <div
            className="picker-item"
            onClick={[Function]}
          >
            19
          </div>
          <div
            className="picker-item"
            onClick={[Function]}
          >
            20
          </div>
          <div
            className="picker-item"
            onClick={[Function]}
          >
            21
          </div>
          <div
            className="picker-item"
            onClick={[Function]}
          >
            22
          </div>
          <div
            className="picker-item"
            onClick={[Function]}
          >
            23
          </div>
          <div
            className="picker-item"
            onClick={[Function]}
          >
            24
          </div>
          <div
            className="picker-item"
            onClick={[Function]}
          >
            25
          </div>
          <div
            className="picker-item"
            onClick={[Function]}
          >
            26
          </div>
          <div
            className="picker-item"
            onClick={[Function]}
          >
            27
          </div>
          <div
            className="picker-item"
            onClick={[Function]}
          >
            28
          </div>
          <div
            className="picker-item"
            onClick={[Function]}
          >
            29
          </div>
          <div
            className="picker-item"
            onClick={[Function]}
          >
            30
          </div>
          <div
            className="picker-item"
            onClick={[Function]}
          >
            31
          </div>
          <div
            className="picker-item"
            onClick={[Function]}
          >
            32
          </div>
          <div
            className="picker-item"
            onClick={[Function]}
          >
            33
          </div>
          <div
            className="picker-item"
            onClick={[Function]}
          >
            34
          </div>
          <div
            className="picker-item"
            onClick={[Function]}
          >
            35
          </div>
          <div
            className="picker-item"
            onClick={[Function]}
          >
            36
          </div>
          <div
            className="picker-item"
            onClick={[Function]}
          >
            37
          </div>
          <div
            className="picker-item"
            onClick={[Function]}
          >
            38
          </div>
          <div
            className="picker-item"
            onClick={[Function]}
          >
            39
          </div>
          <div
            className="picker-item"
            onClick={[Function]}
          >
            40
          </div>
          <div
            className="picker-item"
            onClick={[Function]}
          >
            41
          </div>
          <div
            className="picker-item"
            onClick={[Function]}
          >
            42
          </div>
          <div
            className="picker-item"
            onClick={[Function]}
          >
            43
          </div>
          <div
            className="picker-item"
            onClick={[Function]}
          >
            44
          </div>
          <div
            className="picker-item"
            onClick={[Function]}
          >
            45
          </div>
          <div
            className="picker-item"
            onClick={[Function]}
          >
            46
          </div>
          <div
            className="picker-item"
            onClick={[Function]}
          >
            47
          </div>
          <div
            className="picker-item"
            onClick={[Function]}
          >
            48
          </div>
          <div
            className="picker-item"
            onClick={[Function]}
          >
            49
          </div>
          <div
            className="picker-item"
            onClick={[Function]}
          >
            50
          </div>
          <div
            className="picker-item"
            onClick={[Function]}
          >
            51
          </div>
          <div
            className="picker-item"
            onClick={[Function]}
          >
            52
          </div>
          <div
            className="picker-item"
            onClick={[Function]}
          >
            53
          </div>
          <div
            className="picker-item"
            onClick={[Function]}
          >
            54
          </div>
          <div
            className="picker-item"
            onClick={[Function]}
          >
            55
          </div>
          <div
            className="picker-item"
            onClick={[Function]}
          >
            56
          </div>
          <div
            className="picker-item"
            onClick={[Function]}
          >
            57
          </div>
          <div
            className="picker-item"
            onClick={[Function]}
          >
            58
          </div>
          <div
            className="picker-item"
            onClick={[Function]}
          >
            59
          </div>
        </div>
      </div>
      <div
        className="picker-column"
      >
        <span
          className="picker-column-label"
        >
          sec
        </span>
        <div
          className="picker-scroller"
          onTouchCancel={[Function]}
          onTouchEnd={[Function]}
          onTouchMove={[Function]}
          onTouchStart={[Function]}
          style={
            Object {
              "transform": "translate3d(0, -990px, 0)",
            }
          }
        >
          <div
            className="picker-item"
            onClick={[Function]}
          >
            0
          </div>
          <div
            className="picker-item"
            onClick={[Function]}
          >
            1
          </div>
          <div
            className="picker-item"
            onClick={[Function]}
          >
            2
          </div>
          <div
            className="picker-item"
            onClick={[Function]}
          >
            3
          </div>
          <div
            className="picker-item"
            onClick={[Function]}
          >
            4
          </div>
          <div
            className="picker-item"
            onClick={[Function]}
          >
            5
          </div>
          <div
            className="picker-item"
            onClick={[Function]}
          >
            6
          </div>
          <div
            className="picker-item"
            onClick={[Function]}
          >
            7
          </div>
          <div
            className="picker-item"
            onClick={[Function]}
          >
            8
          </div>
          <div
            className="picker-item"
            onClick={[Function]}
          >
            9
          </div>
          <div
            className="picker-item"
            onClick={[Function]}
          >
            10
          </div>
          <div
            className="picker-item"
            onClick={[Function]}
          >
            11
          </div>
          <div
            className="picker-item"
            onClick={[Function]}
          >
            12
          </div>
          <div
            className="picker-item"
            onClick={[Function]}
          >
            13
          </div>
          <div
            className="picker-item"
            onClick={[Function]}
          >
            14
          </div>
          <div
            className="picker-item"
            onClick={[Function]}
          >
            15
          </div>
          <div
            className="picker-item"
            onClick={[Function]}
          >
            16
          </div>
          <div
            className="picker-item"
            onClick={[Function]}
          >
            17
          </div>
          <div
            className="picker-item"
            onClick={[Function]}
          >
            18
          </div>
          <div
            className="picker-item"
            onClick={[Function]}
          >
            19
          </div>
          <div
            className="picker-item"
            onClick={[Function]}
          >
            20
          </div>
          <div
            className="picker-item"
            onClick={[Function]}
          >
            21
          </div>
          <div
            className="picker-item"
            onClick={[Function]}
          >
            22
          </div>
          <div
            className="picker-item"
            onClick={[Function]}
          >
            23
          </div>
          <div
            className="picker-item"
            onClick={[Function]}
          >
            24
          </div>
          <div
            className="picker-item"
            onClick={[Function]}
          >
            25
          </div>
          <div
            className="picker-item"
            onClick={[Function]}
          >
            26
          </div>
          <div
            className="picker-item"
            onClick={[Function]}
          >
            27
          </div>
          <div
            className="picker-item"
            onClick={[Function]}
          >
            28
          </div>
          <div
            className="picker-item"
            onClick={[Function]}
          >
            29
          </div>
          <div
            className="picker-item picker-item--selected"
            onClick={[Function]}
          >
            30
          </div>
          <div
            className="picker-item"
            onClick={[Function]}
          >
            31
          </div>
          <div
            className="picker-item"
            onClick={[Function]}
          >
            32
          </div>
          <div
            className="picker-item"
            onClick={[Function]}
          >
            33
          </div>
          <div
            className="picker-item"
            onClick={[Function]}
          >
            34
          </div>
          <div
            className="picker-item"
            onClick={[Function]}
          >
            35
          </div>
          <div
            className="picker-item"
            onClick={[Function]}
          >
            36
          </div>
          <div
            className="picker-item"
            onClick={[Function]}
          >
            37
          </div>
          <div
            className="picker-item"
            onClick={[Function]}
          >
            38
          </div>
          <div
            className="picker-item"
            onClick={[Function]}
          >
            39
          </div>
          <div
            className="picker-item"
            onClick={[Function]}
          >
            40
          </div>
          <div
            className="picker-item"
            onClick={[Function]}
          >
            41
          </div>
          <div
            className="picker-item"
            onClick={[Function]}
          >
            42
          </div>
          <div
            className="picker-item"
            onClick={[Function]}
          >
            43
          </div>
          <div
            className="picker-item"
            onClick={[Function]}
          >
            44
          </div>
          <div
            className="picker-item"
            onClick={[Function]}
          >
            45
          </div>
          <div
            className="picker-item"
            onClick={[Function]}
          >
            46
          </div>
          <div
            className="picker-item"
            onClick={[Function]}
          >
            47
          </div>
          <div
            className="picker-item"
            onClick={[Function]}
          >
            48
          </div>
          <div
            className="picker-item"
            onClick={[Function]}
          >
            49
          </div>
          <div
            className="picker-item"
            onClick={[Function]}
          >
            50
          </div>
          <div
            className="picker-item"
            onClick={[Function]}
          >
            51
          </div>
          <div
            className="picker-item"
            onClick={[Function]}
          >
            52
          </div>
          <div
            className="picker-item"
            onClick={[Function]}
          >
            53
          </div>
          <div
            className="picker-item"
            onClick={[Function]}
          >
            54
          </div>
          <div
            className="picker-item"
            onClick={[Function]}
          >
            55
          </div>
          <div
            className="picker-item"
            onClick={[Function]}
          >
            56
          </div>
          <div
            className="picker-item"
            onClick={[Function]}
          >
            57
          </div>
          <div
            className="picker-item"
            onClick={[Function]}
          >
            58
          </div>
          <div
            className="picker-item"
            onClick={[Function]}
          >
            59
          </div>
        </div>
      </div>
      <div
        className="picker-highlight"
        style={
          Object {
            "height": 36,
            "marginTop": -18,
          }
        }
      />
    </div>
  </div>
  <div
    className="timer-controls"
  >
    <div
      className="timer-control"
    >
      <button
        className="ui-btn ui-btn--rounded"
        disabled={false}
        onClick={[Function]}
        type="button"
      >
        Cancel
      </button>
    </div>
    <div
      className="timer-control timer-control--start"
    >
      <button
        className="ui-btn ui-btn--rounded"
        onClick={[Function]}
        type="button"
      >
        Resume
      </button>
    </div>
  </div>
</div>
`;
